// Jest Snapshot v1, https://goo.gl/fbAQLP

exports[`NewList Component should render correctly 1`] = `
ShallowWrapper {
  Symbol(enzyme.__root__): [Circular],
  Symbol(enzyme.__unrendered__): <NewList
    by="irsina"
    descendants={17}
    kids={
      Array [
        18265466,
        18265435,
        18265196,
        18265226,
        18265502,
        18265313,
      ]
    }
    score={102}
    time={1540065131}
    title="Show HN: Lipreading with Deep Learning"
    type="story"
    url="https://github.com/astorfi/lip-reading-deeplearning"
  />,
  Symbol(enzyme.__renderer__): Object {
    "batchedUpdates": [Function],
    "getNode": [Function],
    "render": [Function],
    "simulateError": [Function],
    "simulateEvent": [Function],
    "unmount": [Function],
  },
  Symbol(enzyme.__node__): Object {
    "instance": null,
    "key": undefined,
    "nodeType": "host",
    "props": Object {
      "children": Array [
        <h6>
          Show HN: Lipreading with Deep Learning
          <span>
            (
            github.com
            )
          </span>
        </h6>,
        <p>
           
          102
           points by 
          irsina
           
          <TimeAgo
            component="time"
            date={1540065131000}
            formatter={[Function]}
            live={true}
            maxPeriod={Infinity}
            minPeriod={0}
            now={[Function]}
          />
           | 
          <span>
            17
             
            comments
          </span>
        </p>,
      ],
    },
    "ref": null,
    "rendered": Array [
      Object {
        "instance": null,
        "key": undefined,
        "nodeType": "host",
        "props": Object {
          "children": Array [
            "Show HN: Lipreading with Deep Learning",
            <span>
              (
              github.com
              )
            </span>,
          ],
        },
        "ref": null,
        "rendered": Array [
          "Show HN: Lipreading with Deep Learning",
          Object {
            "instance": null,
            "key": undefined,
            "nodeType": "host",
            "props": Object {
              "children": Array [
                "(",
                "github.com",
                ")",
              ],
            },
            "ref": null,
            "rendered": Array [
              "(",
              "github.com",
              ")",
            ],
            "type": "span",
          },
        ],
        "type": "h6",
      },
      Object {
        "instance": null,
        "key": undefined,
        "nodeType": "host",
        "props": Object {
          "children": Array [
            " ",
            102,
            " points by ",
            "irsina",
            " ",
            <TimeAgo
              component="time"
              date={1540065131000}
              formatter={[Function]}
              live={true}
              maxPeriod={Infinity}
              minPeriod={0}
              now={[Function]}
            />,
            " | ",
            <span>
              17
               
              comments
            </span>,
          ],
        },
        "ref": null,
        "rendered": Array [
          " ",
          102,
          " points by ",
          "irsina",
          " ",
          Object {
            "instance": null,
            "key": undefined,
            "nodeType": "class",
            "props": Object {
              "component": "time",
              "date": 1540065131000,
              "formatter": [Function],
              "live": true,
              "maxPeriod": Infinity,
              "minPeriod": 0,
              "now": [Function],
            },
            "ref": null,
            "rendered": null,
            "type": [Function],
          },
          " | ",
          Object {
            "instance": null,
            "key": undefined,
            "nodeType": "host",
            "props": Object {
              "children": Array [
                17,
                " ",
                "comments",
              ],
            },
            "ref": null,
            "rendered": Array [
              17,
              " ",
              "comments",
            ],
            "type": "span",
          },
        ],
        "type": "p",
      },
    ],
    "type": "div",
  },
  Symbol(enzyme.__nodes__): Array [
    Object {
      "instance": null,
      "key": undefined,
      "nodeType": "host",
      "props": Object {
        "children": Array [
          <h6>
            Show HN: Lipreading with Deep Learning
            <span>
              (
              github.com
              )
            </span>
          </h6>,
          <p>
             
            102
             points by 
            irsina
             
            <TimeAgo
              component="time"
              date={1540065131000}
              formatter={[Function]}
              live={true}
              maxPeriod={Infinity}
              minPeriod={0}
              now={[Function]}
            />
             | 
            <span>
              17
               
              comments
            </span>
          </p>,
        ],
      },
      "ref": null,
      "rendered": Array [
        Object {
          "instance": null,
          "key": undefined,
          "nodeType": "host",
          "props": Object {
            "children": Array [
              "Show HN: Lipreading with Deep Learning",
              <span>
                (
                github.com
                )
              </span>,
            ],
          },
          "ref": null,
          "rendered": Array [
            "Show HN: Lipreading with Deep Learning",
            Object {
              "instance": null,
              "key": undefined,
              "nodeType": "host",
              "props": Object {
                "children": Array [
                  "(",
                  "github.com",
                  ")",
                ],
              },
              "ref": null,
              "rendered": Array [
                "(",
                "github.com",
                ")",
              ],
              "type": "span",
            },
          ],
          "type": "h6",
        },
        Object {
          "instance": null,
          "key": undefined,
          "nodeType": "host",
          "props": Object {
            "children": Array [
              " ",
              102,
              " points by ",
              "irsina",
              " ",
              <TimeAgo
                component="time"
                date={1540065131000}
                formatter={[Function]}
                live={true}
                maxPeriod={Infinity}
                minPeriod={0}
                now={[Function]}
              />,
              " | ",
              <span>
                17
                 
                comments
              </span>,
            ],
          },
          "ref": null,
          "rendered": Array [
            " ",
            102,
            " points by ",
            "irsina",
            " ",
            Object {
              "instance": null,
              "key": undefined,
              "nodeType": "class",
              "props": Object {
                "component": "time",
                "date": 1540065131000,
                "formatter": [Function],
                "live": true,
                "maxPeriod": Infinity,
                "minPeriod": 0,
                "now": [Function],
              },
              "ref": null,
              "rendered": null,
              "type": [Function],
            },
            " | ",
            Object {
              "instance": null,
              "key": undefined,
              "nodeType": "host",
              "props": Object {
                "children": Array [
                  17,
                  " ",
                  "comments",
                ],
              },
              "ref": null,
              "rendered": Array [
                17,
                " ",
                "comments",
              ],
              "type": "span",
            },
          ],
          "type": "p",
        },
      ],
      "type": "div",
    },
  ],
  Symbol(enzyme.__options__): Object {
    "adapter": ReactSixteenAdapter {
      "options": Object {
        "enableComponentDidUpdateOnSetState": true,
        "lifecycles": Object {
          "componentDidUpdate": Object {
            "onSetState": true,
          },
          "getDerivedStateFromProps": true,
          "getSnapshotBeforeUpdate": true,
          "setState": Object {
            "skipsComponentDidUpdateOnNullish": true,
          },
        },
      },
    },
  },
}
`;
